                     Cell Name |     Power-Grid View |      Number of Instances
-------------------------------------------------------------------------------
                        ADDFX1 |             StdCell |                      152
                        ADDHX1 |             StdCell |                       10
                        AND2X1 |             StdCell |                       34
                     AND2X1LVT |             StdCell |                        3
                        AND2X2 |             StdCell |                        6
                     AND2X2LVT |             StdCell |                        6
                        AND2X4 |             StdCell |                        1
                     AND2X4LVT |             StdCell |                        1
                        AND2X6 |             StdCell |                        1
                     AND2X6LVT |             StdCell |                        1
                        AND2X8 |             StdCell |                        1
                        AND2XL |             StdCell |                      132
                        AND3X1 |             StdCell |                        1
                        AND3X2 |             StdCell |                        2
                        AND3X4 |             StdCell |                        1
                     AND3X4LVT |             StdCell |                        1
                        AND3XL |             StdCell |                        9
                        AND4X1 |             StdCell |                        2
                     AND4X1LVT |             StdCell |                        1
                        AND4X2 |             StdCell |                        1
                        AND4XL |             StdCell |                        2
                        AO21X1 |             StdCell |                        6
                     AO21X1LVT |             StdCell |                        2
                        AO21X2 |             StdCell |                        2
                     AO21X2LVT |             StdCell |                        3
                        AO21X4 |             StdCell |                        2
                        AO21XL |             StdCell |                       10
                        AO22X1 |             StdCell |                        1
                        AO22X2 |             StdCell |                        4
                        AO22X4 |             StdCell |                        1
                        AO22XL |             StdCell |                       26
                      AOI211X1 |             StdCell |                        6
                   AOI211X1LVT |             StdCell |                        1
                      AOI211X2 |             StdCell |                        4
                   AOI211X2LVT |             StdCell |                        1
                      AOI211X4 |             StdCell |                        1
                      AOI211XL |             StdCell |                       21
                   AOI211XLLVT |             StdCell |                        3
                       AOI21X1 |             StdCell |                       99
                    AOI21X1LVT |             StdCell |                        5
                    AOI21X2LVT |             StdCell |                        1
                       AOI21XL |             StdCell |                       23
                      AOI221X1 |             StdCell |                      211
                   AOI221X1LVT |             StdCell |                       18
                      AOI221X2 |             StdCell |                        1
                      AOI221X4 |             StdCell |                        2
                      AOI222X1 |             StdCell |                      140
                   AOI222X1LVT |             StdCell |                       21
                   AOI222X2LVT |             StdCell |                        1
                       AOI22X1 |             StdCell |                      367
                    AOI22X1LVT |             StdCell |                       19
                    AOI22X2LVT |             StdCell |                        1
                       AOI22XL |             StdCell |                      228
                     AOI2BB1X1 |             StdCell |                       60
                  AOI2BB1X1LVT |             StdCell |                        1
                     AOI2BB1X2 |             StdCell |                        1
                  AOI2BB1X2LVT |             StdCell |                        1
                     AOI2BB1X4 |             StdCell |                        2
                     AOI2BB1XL |             StdCell |                       72
                  AOI2BB1XLLVT |             StdCell |                        1
                  AOI2BB2X4LVT |             StdCell |                        1
                       AOI31X1 |             StdCell |                       10
                    AOI31X1LVT |             StdCell |                        1
                    AOI31X2LVT |             StdCell |                        1
                       AOI31X4 |             StdCell |                        1
                       AOI32X1 |             StdCell |                       30
                       AOI33XL |             StdCell |                        2
                     BMXIX2LVT |             StdCell |                        1
                      BUFX2LVT |             StdCell |                       63
                      BUFX3LVT |             StdCell |                        4
                    CLKAND2X12 |             StdCell |                       10
                     CLKAND2X2 |             StdCell |                        1
                  CLKAND2X2LVT |             StdCell |                        1
                     CLKAND2X3 |             StdCell |                        1
                     CLKAND2X6 |             StdCell |                        1
                     CLKBUFX12 |             StdCell |                        2
                   CLKBUFX2LVT |             StdCell |                       29
                   CLKBUFX3LVT |             StdCell |                        5
                      CLKBUFX4 |             StdCell |                      116
                      CLKBUFX8 |             StdCell |                       16
                      CLKINVX1 |             StdCell |                        1
                      CLKINVX4 |             StdCell |                       17
                      CLKMX2X2 |             StdCell |                        3
                     CLKXOR2X4 |             StdCell |                        1
                       DFFHQX1 |             StdCell |                      171
                       DFFHQX8 |             StdCell |                        1
                        DFFQX2 |             StdCell |                        6
                     DFFQX2LVT |             StdCell |                        1
                        DFFQXL |             StdCell |                       23
                      DFFRHQX1 |             StdCell |                      453
                   DFFRHQX1LVT |             StdCell |                       42
                   DFFRHQX2LVT |             StdCell |                        1
                        DFFRX1 |             StdCell |                       14
                        DFFRX2 |             StdCell |                        2
                      DFFSHQX1 |             StdCell |                        5
                        DFFSX1 |             StdCell |                        1
                         DFFX1 |             StdCell |                        5
                         DFFX2 |             StdCell |                        1
                      DFFX4LVT |             StdCell |                        1
                         INVX1 |             StdCell |                      351
                      INVX1LVT |             StdCell |                       39
                         INVX2 |             StdCell |                       31
                      INVX2LVT |             StdCell |                       20
                      INVX3LVT |             StdCell |                        4
                      INVX4LVT |             StdCell |                        5
                         INVXL |             StdCell |                      314
                      INVXLLVT |             StdCell |                       10
                         MX2X1 |             StdCell |                       20
                      MX2X1LVT |             StdCell |                       13
                         MX2XL |             StdCell |                       60
                        MXI2X1 |             StdCell |                        1
                     MXI2X1LVT |             StdCell |                        1
                        MXI2XL |             StdCell |                       25
                     MXI2XLLVT |             StdCell |                        1
                      NAND2BX1 |             StdCell |                       96
                   NAND2BX1LVT |             StdCell |                        8
                      NAND2BX2 |             StdCell |                       11
                   NAND2BX2LVT |             StdCell |                        6
                      NAND2BX4 |             StdCell |                       10
                   NAND2BX4LVT |             StdCell |                        1
                      NAND2BXL |             StdCell |                       35
                       NAND2X1 |             StdCell |                      409
                    NAND2X1LVT |             StdCell |                       18
                       NAND2X2 |             StdCell |                       13
                    NAND2X2LVT |             StdCell |                        6
                       NAND2X4 |             StdCell |                        3
                       NAND2X6 |             StdCell |                        1
                    NAND2X6LVT |             StdCell |                        2
                       NAND2X8 |             StdCell |                        2
                    NAND2X8LVT |             StdCell |                        2
                       NAND2XL |             StdCell |                      222
                      NAND3BX1 |             StdCell |                        2
                   NAND3BX1LVT |             StdCell |                        2
                      NAND3BX2 |             StdCell |                        1
                   NAND3BX2LVT |             StdCell |                        2
                   NAND3BX4LVT |             StdCell |                        2
                      NAND3BXL |             StdCell |                       48
                   NAND3BXLLVT |             StdCell |                        4
                       NAND3X1 |             StdCell |                       18
                    NAND3X1LVT |             StdCell |                        1
                       NAND3X2 |             StdCell |                        1
                    NAND3X2LVT |             StdCell |                        1
                    NAND3X4LVT |             StdCell |                        1
                       NAND3XL |             StdCell |                        4
                      NAND4BX1 |             StdCell |                        8
                   NAND4BX1LVT |             StdCell |                        6
                      NAND4BX2 |             StdCell |                        1
                   NAND4BX2LVT |             StdCell |                        1
                   NAND4BX4LVT |             StdCell |                        1
                      NAND4BXL |             StdCell |                        1
                       NAND4X1 |             StdCell |                        3
                    NAND4X1LVT |             StdCell |                        4
                       NAND4XL |             StdCell |                       61
                    NAND4XLLVT |             StdCell |                        5
                       NOR2BX1 |             StdCell |                      173
                    NOR2BX1LVT |             StdCell |                        6
                       NOR2BX2 |             StdCell |                        2
                    NOR2BX2LVT |             StdCell |                        1
                       NOR2BX4 |             StdCell |                        5
                    NOR2BX4LVT |             StdCell |                        2
                        NOR2X1 |             StdCell |                      252
                     NOR2X1LVT |             StdCell |                       12
                        NOR2X2 |             StdCell |                       18
                     NOR2X2LVT |             StdCell |                        9
                        NOR2X4 |             StdCell |                        5
                     NOR2X4LVT |             StdCell |                        3
                        NOR2X6 |             StdCell |                        1
                        NOR2XL |             StdCell |                      118
                       NOR3BX1 |             StdCell |                       14
                       NOR3BX2 |             StdCell |                        2
                       NOR3BX4 |             StdCell |                        1
                    NOR3BX4LVT |             StdCell |                        3
                       NOR3BXL |             StdCell |                        6
                        NOR3X1 |             StdCell |                       28
                     NOR3X1LVT |             StdCell |                        8
                        NOR3X2 |             StdCell |                        2
                        NOR3XL |             StdCell |                        7
                      NOR4BBX1 |             StdCell |                        4
                      NOR4BBX4 |             StdCell |                        1
                       NOR4BX1 |             StdCell |                        6
                    NOR4BX1LVT |             StdCell |                        1
                       NOR4BX4 |             StdCell |                        1
                        NOR4X1 |             StdCell |                       16
                        NOR4X2 |             StdCell |                        1
                        NOR4X4 |             StdCell |                        1
                     NOR4X4LVT |             StdCell |                        1
                        OA21X1 |             StdCell |                       73
                     OA21X1LVT |             StdCell |                        1
                        OA21X2 |             StdCell |                        1
                        OA21XL |             StdCell |                        1
                        OA22X1 |             StdCell |                       35
                      OAI211X1 |             StdCell |                      138
                   OAI211X1LVT |             StdCell |                        9
                      OAI211X2 |             StdCell |                        1
                   OAI211X4LVT |             StdCell |                        1
                       OAI21X1 |             StdCell |                      109
                    OAI21X1LVT |             StdCell |                        1
                       OAI21X2 |             StdCell |                        3
                    OAI21X2LVT |             StdCell |                        2
                       OAI21X4 |             StdCell |                        1
                       OAI21XL |             StdCell |                       81
                      OAI221X1 |             StdCell |                       70
                   OAI221X1LVT |             StdCell |                        5
                   OAI221X2LVT |             StdCell |                        1
                      OAI222X1 |             StdCell |                       37
                   OAI222X1LVT |             StdCell |                        2
                      OAI222XL |             StdCell |                        4
                   OAI222XLLVT |             StdCell |                        1
                       OAI22X1 |             StdCell |                      161
                    OAI22X1LVT |             StdCell |                        1
                    OAI22X2LVT |             StdCell |                        1
                       OAI22XL |             StdCell |                      112
                     OAI2BB1X1 |             StdCell |                      339
                  OAI2BB1X1LVT |             StdCell |                       49
                     OAI2BB1X2 |             StdCell |                        3
                  OAI2BB1X2LVT |             StdCell |                        3
                     OAI2BB1X4 |             StdCell |                        2
                     OAI2BB2X4 |             StdCell |                        1
                       OAI31X1 |             StdCell |                       11
                    OAI31X2LVT |             StdCell |                        1
                       OAI32X1 |             StdCell |                        5
                         OR2X1 |             StdCell |                       37
                      OR2X1LVT |             StdCell |                        4
                         OR2X2 |             StdCell |                        4
                      OR2X2LVT |             StdCell |                        1
                         OR2X4 |             StdCell |                        1
                         OR2XL |             StdCell |                       56
                         OR3X1 |             StdCell |                        4
                      OR3X1LVT |             StdCell |                        2
                      OR3X2LVT |             StdCell |                        2
                         OR3X6 |             StdCell |                        2
                         OR3XL |             StdCell |                        2
                         OR4X1 |             StdCell |                       12
                      OR4X1LVT |             StdCell |                        1
                       SDFFQX1 |             StdCell |                       64
                     SDFFRHQX1 |             StdCell |                      174
                         TIEHI |             StdCell |                        1
                         TIELO |             StdCell |                       41
                  TLATNTSCAX12 |             StdCell |                        1
                   TLATNTSCAX2 |             StdCell |                       12
                TLATNTSCAX2LVT |             StdCell |                        1
                   TLATNTSCAX3 |             StdCell |                       12
                TLATNTSCAX3LVT |             StdCell |                        5
                   TLATNTSCAX4 |             StdCell |                        2
                TLATNTSCAX4LVT |             StdCell |                        1
                       TLATNX1 |             StdCell |                        2
                       TLATNXL |             StdCell |                       13
                    TLATNXLLVT |             StdCell |                       19
                       XNOR2X1 |             StdCell |                       97
                    XNOR2X1LVT |             StdCell |                        7
                       XNOR2X2 |             StdCell |                        2
                    XNOR2X2LVT |             StdCell |                       11
                        XOR2X4 |             StdCell |                        2
                        XOR2XL |             StdCell |                        6
